[2026-09-09T14:43Z (eleetmo)] Scoring 48 calls over a 7-day hourly window (1 req/call)...

  10/48 | 5.4 calls/min | ETA 7.0 min
  20/48 | 5.2 calls/min | ETA 5.4 min
  30/48 | 5.1 calls/min | ETA 3.5 min
  40/48 | 5.0 calls/min | ETA 1.6 min

======================================================================
7-DAY HOURLY RESULTS — simulation_eleetmo.db (started 2026-09-09T14:43Z (eleetmo))
======================================================================
Finished in 573s (9.6 min) — 48 calls

7-day window: 26 wins / 22 losses / 0 unpriceable
Win rate (7d hourly, >=2x): 54.2%  (vs 12h 1-min: see compare)

  ID Sym          Call                  12h      7d 7d peak TS       Chg
------------------------------------------------------------------------------
   1 ?            2026-04-02T13:02    1.71x   4.33x 2026-04-05T04:00 NEW WIN
   2 ?            2026-04-07T17:10    2.02x   2.02x 2026-04-07T17:53 
   3 ?            2026-04-10T11:23    1.29x   1.29x 2026-04-10T13:00 
   4 ?            2026-04-10T13:09    1.67x   1.67x 2026-04-10T16:00 
   5 ?            2026-04-11T13:26    1.13x   1.22x 2026-04-13T18:00 
   6 ?            2026-04-15T18:38    1.44x   1.48x 2026-04-16T16:00 
   7 ?            2026-04-19T21:27    1.59x   7.95x 2026-04-22T16:00 NEW WIN
   8 ?            2026-04-20T22:08    1.41x   1.79x 2026-04-21T17:00 
   9 ?            2026-04-22T22:05    1.88x   1.88x 2026-04-22T22:12 
  10 ?            2026-04-24T17:01    1.00x   0.99x 2026-04-24T17:02 
  11 ?            2026-04-28T11:14    1.48x   1.81x 2026-04-29T10:00 
  12 ?            2026-04-28T13:12    1.60x   2.11x 2026-04-29T15:00 NEW WIN
  13 ?            2026-04-30T14:47    1.07x   3.58x 2026-05-03T11:00 NEW WIN
  15 ?            2026-04-30T20:57    1.05x   4.16x 2026-05-02T18:00 NEW WIN
  16 ?            2026-05-06T16:22    1.76x   1.76x 2026-05-06T19:00 
  17 ?            2026-05-07T11:16    1.83x   1.98x 2026-05-09T23:00 
  18 ?            2026-05-12T16:11    1.63x   2.26x 2026-05-14T13:00 NEW WIN
  19 ?            2026-05-19T21:12    1.65x   3.28x 2026-05-24T19:00 NEW WIN
  20 ?            2026-05-23T14:26    1.27x   4.76x 2026-05-26T09:00 NEW WIN
  21 ?            2026-05-26T12:38    4.78x  10.65x 2026-05-30T05:00 
  22 ?            2026-05-26T16:16    1.33x   4.27x 2026-05-31T09:00 NEW WIN
  23 ?            2026-05-26T20:09    1.74x   2.86x 2026-05-27T14:00 NEW WIN
  24 ?            2026-05-27T17:33    1.76x   3.26x 2026-05-29T06:00 NEW WIN
  25 ?            2026-05-29T12:33    1.57x   2.22x 2026-05-30T12:00 NEW WIN
  26 ?            2026-05-31T13:36    1.73x   1.73x 2026-05-31T21:04 
  27 ?            2026-06-01T14:43    2.17x   2.17x 2026-06-01T18:00 
  28 ?            2026-06-02T11:13    4.37x   7.94x 2026-06-04T11:00 
  29 ?            2026-06-03T12:42    1.58x   1.65x 2026-06-04T13:00 
  30 ?            2026-06-05T11:10    1.36x   4.29x 2026-06-11T11:00 NEW WIN
  31 ?            2026-06-06T13:36    1.39x   1.39x 2026-06-06T20:23 
  32 ?            2026-06-09T12:16    1.03x   1.03x 2026-06-09T22:00 
  33 ?            2026-06-10T13:05    1.31x   2.61x 2026-06-12T10:00 NEW WIN
  34 ?            2026-06-12T12:54    1.94x   2.11x 2026-06-18T06:00 NEW WIN
  35 ?            2026-06-12T19:45    1.45x   4.73x 2026-06-16T03:00 NEW WIN
  36 ?            2026-06-14T13:09    1.43x   8.63x 2026-06-20T16:00 NEW WIN
  40 ?            2026-06-20T12:16    1.38x   1.66x 2026-06-21T01:00 
  41 ?            2026-06-22T13:07    2.46x   2.91x 2026-06-23T04:00 
  42 ?            2026-06-22T18:37    1.25x   1.25x 2026-06-22T21:00 
  43 ?            2026-07-02T17:01    1.25x   1.25x 2026-07-02T17:38 
  44 ?            2026-07-07T14:04    1.08x   1.08x 2026-07-07T14:11 
  45 ?            2026-07-09T13:50    1.27x   1.27x 2026-07-09T23:52 
  46 ?            2026-07-23T12:02    1.07x   2.38x 2026-07-24T22:00 NEW WIN
  47 ?            2026-08-04T23:21    1.19x   2.90x 2026-08-11T14:00 NEW WIN
  48 ?            2026-08-06T16:36    1.56x  14.46x 2026-08-10T23:00 NEW WIN
  49 ?            2026-08-11T12:22    1.34x   1.34x 2026-08-11T18:57 
  50 ?            2026-08-13T15:04    4.93x   4.93x 2026-08-13T15:45 
  51 ?            2026-08-17T15:48    1.01x   1.05x 2026-08-19T15:00 
  52 ?            2026-08-18T12:06    1.88x   1.88x 2026-08-18T15:14 

CSV: /Users/agboolaoluwaseun/ZCodeProject/solana_tracker_v2/simulation_eleetmo_7d.csv
